[0.172s] colcon DEBUG Command line arguments: ['/home/frederik/.local/bin/colcon', 'list', '-p', '--base-paths', '/home/frederik/hector/src/kalibr_image_geometry/extended_camera_model/include/extended_camera_model/cameras', '--log-base', '/dev/null']
[0.173s] colcon DEBUG Parsed command line arguments: Namespace(log_base=None, log_level=None, verb_name='list', build_base='build', ignore_user_meta=False, metas=['./colcon.meta'], base_paths=['/home/frederik/hector/src/kalibr_image_geometry/extended_camera_model/include/extended_camera_model/cameras', '--log-base', '/dev/null'], packages_ignore=None, packages_ignore_regex=None, paths=None, packages_up_to=None, packages_up_to_regex=None, packages_above=None, packages_above_and_dependencies=None, packages_above_depth=None, packages_select_by_dep=None, packages_skip_by_dep=None, packages_skip_up_to=None, packages_select_build_failed=False, packages_skip_build_finished=False, packages_select_test_failures=False, packages_skip_test_passed=False, packages_select=None, packages_skip=None, packages_select_regex=None, packages_skip_regex=None, packages_start=None, packages_end=None, allow_overriding=[], topological_order=False, names_only=False, paths_only=True, topological_graph=False, topological_graph_dot=False, topological_graph_density=False, topological_graph_legend=False, topological_graph_dot_cluster=False, topological_graph_dot_include_skipped=False, mixin_files=None, mixin=None, verb_parser=<colcon_mixin.mixin.mixin_argument.MixinArgumentDecorator object at 0x7e8cfea05790>, verb_extension=<colcon_package_information.verb.list.ListVerb object at 0x7e8cfea049b0>, main=<bound method ListVerb.main of <colcon_package_information.verb.list.ListVerb object at 0x7e8cfea049b0>>, mixin_verb=('list',))
[0.205s] colcon.colcon_core.package_discovery Level 1 discover_packages(colcon_meta) check parameters
[0.205s] colcon.colcon_core.package_discovery Level 1 discover_packages(recursive) check parameters
[0.205s] colcon.colcon_core.package_discovery Level 1 discover_packages(ignore) check parameters
[0.205s] colcon.colcon_core.package_discovery Level 1 discover_packages(path) check parameters
[0.205s] colcon.colcon_core.package_discovery Level 1 discover_packages(recursive) discover
[0.205s] colcon.colcon_core.package_discovery INFO Crawling recursively for packages in '/home/frederik/hector/src/kalibr_image_geometry/extended_camera_model/include/extended_camera_model/cameras', '/home/frederik/hector/src/kalibr_image_geometry/extended_camera_model/include/extended_camera_model/cameras/--log-base', '/dev/null'
[0.205s] colcon.colcon_core.package_identification Level 1 _identify(/home/frederik/hector/src/kalibr_image_geometry/extended_camera_model/include/extended_camera_model/cameras) by extensions ['ignore', 'ignore_ament_install']
[0.206s] colcon.colcon_core.package_identification Level 1 _identify(/home/frederik/hector/src/kalibr_image_geometry/extended_camera_model/include/extended_camera_model/cameras) by extension 'ignore'
[0.206s] colcon.colcon_core.package_identification Level 1 _identify(/home/frederik/hector/src/kalibr_image_geometry/extended_camera_model/include/extended_camera_model/cameras) by extension 'ignore_ament_install'
[0.206s] colcon.colcon_core.package_identification Level 1 _identify(/home/frederik/hector/src/kalibr_image_geometry/extended_camera_model/include/extended_camera_model/cameras) by extensions ['colcon_pkg']
[0.206s] colcon.colcon_core.package_identification Level 1 _identify(/home/frederik/hector/src/kalibr_image_geometry/extended_camera_model/include/extended_camera_model/cameras) by extension 'colcon_pkg'
[0.206s] colcon.colcon_core.package_identification Level 1 _identify(/home/frederik/hector/src/kalibr_image_geometry/extended_camera_model/include/extended_camera_model/cameras) by extensions ['colcon_meta']
[0.206s] colcon.colcon_core.package_identification Level 1 _identify(/home/frederik/hector/src/kalibr_image_geometry/extended_camera_model/include/extended_camera_model/cameras) by extension 'colcon_meta'
[0.206s] colcon.colcon_core.package_identification Level 1 _identify(/home/frederik/hector/src/kalibr_image_geometry/extended_camera_model/include/extended_camera_model/cameras) by extensions ['ros']
[0.206s] colcon.colcon_core.package_identification Level 1 _identify(/home/frederik/hector/src/kalibr_image_geometry/extended_camera_model/include/extended_camera_model/cameras) by extension 'ros'
[0.231s] colcon.colcon_core.package_identification Level 1 _identify(/home/frederik/hector/src/kalibr_image_geometry/extended_camera_model/include/extended_camera_model/cameras) by extensions ['cmake', 'python']
[0.232s] colcon.colcon_core.package_identification Level 1 _identify(/home/frederik/hector/src/kalibr_image_geometry/extended_camera_model/include/extended_camera_model/cameras) by extension 'cmake'
[0.232s] colcon.colcon_core.package_identification Level 1 _identify(/home/frederik/hector/src/kalibr_image_geometry/extended_camera_model/include/extended_camera_model/cameras) by extension 'python'
[0.232s] colcon.colcon_core.package_identification Level 1 _identify(/home/frederik/hector/src/kalibr_image_geometry/extended_camera_model/include/extended_camera_model/cameras) by extensions ['python_setup_py']
[0.232s] colcon.colcon_core.package_identification Level 1 _identify(/home/frederik/hector/src/kalibr_image_geometry/extended_camera_model/include/extended_camera_model/cameras) by extension 'python_setup_py'
[0.232s] colcon.colcon_core.package_identification Level 1 _identify(/home/frederik/hector/src/kalibr_image_geometry/extended_camera_model/include/extended_camera_model/cameras/log) by extensions ['ignore', 'ignore_ament_install']
[0.232s] colcon.colcon_core.package_identification Level 1 _identify(/home/frederik/hector/src/kalibr_image_geometry/extended_camera_model/include/extended_camera_model/cameras/log) by extension 'ignore'
[0.232s] colcon.colcon_core.package_identification Level 1 _identify(/home/frederik/hector/src/kalibr_image_geometry/extended_camera_model/include/extended_camera_model/cameras/log) ignored
[0.232s] colcon.colcon_core.package_discovery Level 1 discover_packages(recursive) using defaults
